[21:29:24] [main/INFO] (FabricLoader/GameProvider) Loading Minecraft 1.21.1 with Fabric Loader 0.17.3
[21:29:25] [main/INFO] (FabricLoader) Loading 57 mods:
	- balm 21.0.62
	- fabric-api 0.116.11+1.21.1
	- fabric-api-base 0.4.42+6573ed8c19
	- fabric-api-lookup-api-v1 1.6.72+7b3d111d19
	- fabric-biome-api-v1 13.0.31+d527f9fd19
	- fabric-block-api-v1 1.1.0+0bc3503219
	- fabric-block-view-api-v2 1.0.11+ebb2264e19
	- fabric-blockrenderlayer-v1 1.1.52+0af3f5a719
	- fabric-client-tags-api-v1 1.1.15+6573ed8c19
	- fabric-command-api-v1 1.2.49+f71b366f19
	- fabric-command-api-v2 2.2.28+6ced4dd919
	- fabric-commands-v0 0.2.66+df3654b319
	- fabric-content-registries-v0 8.0.19+b559734419
	- fabric-convention-tags-v1 2.1.7+7f945d5b19
	- fabric-convention-tags-v2 2.12.0+c3656daa19
	- fabric-crash-report-info-v1 0.2.29+0af3f5a719
	- fabric-data-attachment-api-v1 1.4.6+5b36e0f719
	- fabric-data-generation-api-v1 20.2.37+60a6976219
	- fabric-dimensions-v1 4.0.1+65213ef819
	- fabric-entity-events-v1 1.8.0+2b27e0a419
	- fabric-events-interaction-v0 0.7.13+ba9dae0619
	- fabric-game-rule-api-v1 1.0.53+6ced4dd919
	- fabric-gametest-api-v1 2.0.5+6fc22b9919
	- fabric-item-api-v1 11.2.0+3b3cb2e819
	- fabric-item-group-api-v1 4.1.7+def88e3a19
	- fabric-key-binding-api-v1 1.0.47+0af3f5a719
	- fabric-keybindings-v0 0.2.45+df3654b319
	- fabric-lifecycle-events-v1 2.6.0+0865547519
	- fabric-loot-api-v2 3.0.15+3f89f5a519
	- fabric-loot-api-v3 1.0.3+3f89f5a519
	- fabric-message-api-v1 6.0.14+8aaf3aca19
	- fabric-model-loading-api-v1 2.1.0+b4d813fc19
	- fabric-networking-api-v1 4.3.0+c7469b2119
	- fabric-object-builder-api-v1 15.2.1+40875a9319
	- fabric-particles-v1 4.0.2+6573ed8c19
	- fabric-recipe-api-v1 5.0.15+2475392c19
	- fabric-registry-sync-v0 5.3.1+e3eddc2119
	- fabric-renderer-api-v1 3.4.1+b4d813fc19
	- fabric-renderer-indigo 1.7.1+c705a49c19
	- fabric-renderer-registries-v1 3.2.69+df3654b319
	- fabric-rendering-data-attachment-v1 0.3.49+73761d2e19
	- fabric-rendering-fluids-v1 3.1.6+1daea21519
	- fabric-rendering-v0 1.1.72+df3654b319
	- fabric-rendering-v1 5.1.0+ab4c25a019
	- fabric-resource-conditions-api-v1 4.3.0+8dc279b119
	- fabric-resource-loader-v0 1.3.1+5b5275af19
	- fabric-screen-api-v1 2.0.25+8b68f1c719
	- fabric-screen-handler-api-v1 1.3.90+b559734419
	- fabric-sound-api-v1 1.0.23+6573ed8c19
	- fabric-transfer-api-v1 5.4.4+7b3d111d19
	- fabric-transitive-access-wideners-v1 6.2.0+45b9699719
	- fabricloader 0.17.3
	- hbs_foundation 1.8.18-SNAPSHOT
	- hbs_structures 1.1.0-SNAPSHOT
	- java 21
	- minecraft 1.21.1
	- mixinextras 0.5.0
[21:29:25] [main/INFO] (FabricLoader/Mixin) SpongePowered MIXIN Subsystem Version=0.8.7 Source=file:/C:/Users/jack/.gradle/caches/modules-2/files-2.1/net.fabricmc/sponge-mixin/0.16.5+mixin.0.8.7/80fc3a9f592673cea87f4cd702f87991c6c9fe4d/sponge-mixin-0.16.5+mixin.0.8.7.jar Service=Knot/Fabric Env=CLIENT
[21:29:25] [main/INFO] (FabricLoader/Mixin) Loaded Fabric development mappings for mixin remapper!
[21:29:25] [main/INFO] (FabricLoader/Mixin) Compatibility level set to JAVA_17
[21:29:25] [main/INFO] (FabricLoader/Mixin) Compatibility level set to JAVA_21
[21:29:29] [main/INFO] (FabricLoader/MixinExtras|Service) Initializing MixinExtras via com.llamalad7.mixinextras.service.MixinExtrasServiceImpl(version=0.5.0).
[21:29:30] [Datafixer Bootstrap/INFO] (Minecraft) 226 Datafixer optimizations took 526 milliseconds
[21:29:38] [Render thread/INFO] (Minecraft) Environment: Environment[sessionHost=https://sessionserver.mojang.com, servicesHost=https://api.minecraftservices.com, name=PROD]
[21:29:38] [Render thread/INFO] (Minecraft) Setting user: Player497
[21:29:38] [Render thread/INFO] (ModProxyImpl) Mod proxy balm:permissions resolved as net.blay09.mods.balm.common.permission.CommonBalmPermissions@6f6c0856
[21:29:38] [Render thread/INFO] (LoggerBase) [HB's Foundation] ( 010000 ): --------COM.HOLYBUCKETS.FOUNDATION.EVENT.EVENTREGISTRAR INITIALIZED --------
[21:29:38] [Render thread/INFO] (LoggerBase) [HB's Foundation] ( 000000 ): --------COM.HOLYBUCKETS.FOUNDATION.GENERALCONFIG INITIALIZED --------
[21:29:38] [Render thread/INFO] (HB's Foundation) Loaded HB's Foundation mod on Fabric! we are currently in a development environment!
[21:29:38] [Render thread/INFO] (HB's Foundation) Hello to HB's Foundation!
[21:29:38] [Render thread/INFO] (Indigo) [Indigo] Registering Indigo renderer!
[21:29:39] [Render thread/INFO] (LoggerBase) [HB's Foundation] ( 010000 ): --------COM.HOLYBUCKETS.FOUNDATION.CLIENT.CLIENTEVENTREGISTRAR INITIALIZED --------
[21:29:39] [Render thread/INFO] (Minecraft) Backend library: LWJGL version 3.3.3-snapshot
[21:29:40] [Render thread/WARN] (Minecraft) Removed resource pack balm from options because it is no longer compatible
[21:29:40] [Render thread/WARN] (Minecraft) Removed resource pack hbs_foundation from options because it is no longer compatible
[21:29:41] [Render thread/INFO] (Minecraft) Reloading ResourceManager: vanilla, fabric, balm, fabric-api, fabric-api-base, fabric-api-lookup-api-v1, fabric-biome-api-v1, fabric-block-api-v1, fabric-block-view-api-v2, fabric-blockrenderlayer-v1, fabric-client-tags-api-v1, fabric-command-api-v1, fabric-command-api-v2, fabric-commands-v0, fabric-content-registries-v0, fabric-convention-tags-v1, fabric-convention-tags-v2, fabric-crash-report-info-v1, fabric-data-attachment-api-v1, fabric-data-generation-api-v1, fabric-dimensions-v1, fabric-entity-events-v1, fabric-events-interaction-v0, fabric-game-rule-api-v1, fabric-gametest-api-v1, fabric-item-api-v1, fabric-item-group-api-v1, fabric-key-binding-api-v1, fabric-keybindings-v0, fabric-lifecycle-events-v1, fabric-loot-api-v2, fabric-loot-api-v3, fabric-message-api-v1, fabric-model-loading-api-v1, fabric-networking-api-v1, fabric-object-builder-api-v1, fabric-particles-v1, fabric-recipe-api-v1, fabric-registry-sync-v0, fabric-renderer-api-v1, fabric-renderer-indigo, fabric-renderer-registries-v1, fabric-rendering-data-attachment-v1, fabric-rendering-fluids-v1, fabric-rendering-v0, fabric-rendering-v1, fabric-resource-conditions-api-v1, fabric-resource-loader-v0, fabric-screen-api-v1, fabric-screen-handler-api-v1, fabric-sound-api-v1, fabric-transfer-api-v1, fabric-transitive-access-wideners-v1, fabricloader, hbs_foundation, hbs_structures
[21:29:41] [Worker-Main-13/INFO] (Minecraft) Found unifont_all_no_pua-15.1.05.hex, loading
[21:29:41] [Worker-Main-8/INFO] (Minecraft) Found unifont_jp_patch-15.1.05.hex, loading
[21:29:42] [Worker-Main-9/WARN] (Minecraft) Exception loading blockstate definition: 'hbs_structures:blockstates/template_block.json' missing model for variant: 'hbs_structures:template_block#'
[21:29:42] [Worker-Main-9/WARN] (Minecraft) Exception loading blockstate definition: 'hbs_foundation:blockstates/empty_block.json' missing model for variant: 'hbs_foundation:empty_block#'
[21:29:42] [Worker-Main-9/WARN] (Minecraft) Unable to load model: 'hbs_foundation:item/empty_block' referenced from: hbs_foundation:item/empty_block: java.io.FileNotFoundException: hbs_foundation:models/item/empty_block.json
[21:29:42] [Worker-Main-9/WARN] (Minecraft) Unable to load model: 'hbs_structures:item/template_block' referenced from: hbs_structures:item/template_block: java.io.FileNotFoundException: hbs_structures:models/item/template_block.json
[21:29:43] [Render thread/WARN] (Minecraft) Missing sound for event: minecraft:item.goat_horn.play
[21:29:43] [Render thread/WARN] (Minecraft) Missing sound for event: minecraft:entity.goat.screaming.horn_break
[21:29:43] [Render thread/INFO] (Minecraft) OpenAL initialized on device OpenAL Soft on Speakers (G06-BT)
[21:29:43] [Render thread/INFO] (Minecraft) Sound engine started
[21:29:43] [Render thread/INFO] (Minecraft) Created: 1024x512x4 minecraft:textures/atlas/blocks.png-atlas
[21:29:43] [Render thread/INFO] (Minecraft) Created: 256x256x4 minecraft:textures/atlas/signs.png-atlas
[21:29:43] [Render thread/INFO] (Minecraft) Created: 512x512x4 minecraft:textures/atlas/shield_patterns.png-atlas
[21:29:43] [Render thread/INFO] (Minecraft) Created: 512x512x4 minecraft:textures/atlas/banner_patterns.png-atlas
[21:29:43] [Render thread/INFO] (Minecraft) Created: 1024x1024x4 minecraft:textures/atlas/armor_trims.png-atlas
[21:29:43] [Render thread/INFO] (Minecraft) Created: 256x256x4 minecraft:textures/atlas/chest.png-atlas
[21:29:43] [Render thread/INFO] (Minecraft) Created: 128x64x4 minecraft:textures/atlas/decorated_pot.png-atlas
[21:29:43] [Render thread/INFO] (Minecraft) Created: 512x256x4 minecraft:textures/atlas/shulker_boxes.png-atlas
[21:29:43] [Render thread/INFO] (Minecraft) Created: 512x256x4 minecraft:textures/atlas/beds.png-atlas
[21:29:43] [Render thread/INFO] (Minecraft) Created: 512x256x0 minecraft:textures/atlas/particles.png-atlas
[21:29:43] [Render thread/INFO] (Minecraft) Created: 512x256x0 minecraft:textures/atlas/paintings.png-atlas
[21:29:43] [Render thread/INFO] (Minecraft) Created: 256x128x0 minecraft:textures/atlas/mob_effects.png-atlas
[21:29:43] [Render thread/INFO] (Minecraft) Created: 64x64x0 minecraft:textures/atlas/map_decorations.png-atlas
[21:29:43] [Render thread/INFO] (Minecraft) Created: 1024x512x0 minecraft:textures/atlas/gui.png-atlas
[21:29:43] [Render thread/WARN] (Minecraft) Shader rendertype_entity_translucent_emissive could not find sampler named Sampler2 in the specified shader program.
[21:30:20] [Worker-Main-12/INFO] (LoggerBase) [HB's Foundation] ( 011001 ): Registering Commands 31
[21:30:20] [Worker-Main-12/INFO] (LoggerBase) [HB's Foundation] ( 011002 ): Finished Registering Commands
[21:30:20] [Render thread/INFO] (Minecraft) Loaded 1290 recipes
[21:30:20] [Render thread/INFO] (Minecraft) Loaded 1399 advancements
[21:30:27] [Render thread/INFO] (BiomeModificationImpl) Applied 0 biome modifications to 0 of 64 new biomes in 1.535 ms
[21:30:27] [Server thread/INFO] (LoggerBase) [HB's Foundation] ( 010001 ): World Seed: -7888839278722733549
[21:30:27] [Server thread/WARN] (LoggerBase) [HB's Foundation] ( 000001 ): Could not find the provided  config file at path: C:\Users\jack\source\repos\Java\Minecraft\00_mod-dev\MCM_007_HBs-Structures-Time\fabric\runs\client\saves\w2\.\hb_datastore.json. Provided file name from serverConfig/hbs_ore_clusters_and_regen-server.toml: C:\Users\jack\source\repos\Java\Minecraft\00_mod-dev\MCM_007_HBs-Structures-Time\fabric\runs\client\saves\w2\.\hb_datastore.json. Attempting to load the default file at default location: C:\Users\jack\source\repos\Java\Minecraft\00_mod-dev\MCM_007_HBs-Structures-Time\fabric\runs\client\saves\w2\.\hb_datastore.json
[21:30:27] [Server thread/WARN] (LoggerBase) [HB's Foundation] ( 000002 ): Could not find the default  JSON config file at path: C:\Users\jack\source\repos\Java\Minecraft\00_mod-dev\MCM_007_HBs-Structures-Time\fabric\runs\client\hb_datastore.json. A default file will be created for future reference.
[21:30:27] [Server thread/INFO] (LoggerBase) [HBs Structures Over Time] ( 012000 ): Loading structure concept config from: C:\Users\jack\source\repos\Java\Minecraft\00_mod-dev\MCM_007_HBs-Structures-Time\fabric\runs\client\config\HBStructuresConceptConfig.json
[21:30:27] [Server thread/WARN] (LoggerBase) [HB's Foundation] ( 000001 ): Could not find the provided  config file at path: C:\Users\jack\source\repos\Java\Minecraft\00_mod-dev\MCM_007_HBs-Structures-Time\fabric\runs\client\config\HBStructuresConceptConfig.json. Provided file name from serverConfig/hbs_ore_clusters_and_regen-server.toml: config\HBStructuresConceptConfig.json. Attempting to load the default file at default location: C:\Users\jack\source\repos\Java\Minecraft\00_mod-dev\MCM_007_HBs-Structures-Time\fabric\runs\client\config\HBStructuresConceptConfig.json
[21:30:27] [Server thread/WARN] (LoggerBase) [HB's Foundation] ( 000002 ): Could not find the default  JSON config file at path: C:\Users\jack\source\repos\Java\Minecraft\00_mod-dev\MCM_007_HBs-Structures-Time\fabric\runs\client\config\HBStructuresConceptConfig.json. A default file will be created for future reference.
[21:30:27] [Server thread/INFO] (LoggerBase) [HBs Structures Over Time] ( 012001 ): Parsed 2 structure concept(s): [village, vanishingShip]
[21:30:27] [Server thread/ERROR] (LoggerBase) [HBs Structures Over Time] ( 012015 ): Failed to blacklisted structure 'nova_structures:tavern_oak
[21:30:27] [Server thread/ERROR] (LoggerBase) [HBs Structures Over Time] ( 012015 ): Failed to blacklisted structure 'towns_and_towers:village_meadow
[21:30:27] [Server thread/INFO] (LoggerBase) [HBs Structures Over Time] ( 012014 ): Registry resolution complete: 2 concept(s) with valid holders: [village, vanishingShip]
[21:30:27] [Server thread/WARN] (LoggerBase) [HB's Foundation] ( 000001 ): Could not find the provided  config file at path: C:\Users\jack\source\repos\Java\Minecraft\00_mod-dev\MCM_007_HBs-Structures-Time\fabric\runs\client\config\HBEnchantedEssenceConfig.json. Provided file name from serverConfig/hbs_ore_clusters_and_regen-server.toml: config\HBEnchantedEssenceConfig.json. Attempting to load the default file at default location: C:\Users\jack\source\repos\Java\Minecraft\00_mod-dev\MCM_007_HBs-Structures-Time\fabric\runs\client\config\HBEnchantedEssenceConfig.json
[21:30:27] [Server thread/WARN] (LoggerBase) [HB's Foundation] ( 000002 ): Could not find the default  JSON config file at path: C:\Users\jack\source\repos\Java\Minecraft\00_mod-dev\MCM_007_HBs-Structures-Time\fabric\runs\client\config\HBFoundationEssenceConfig.json. A default file will be created for future reference.
[21:30:27] [Server thread/INFO] (Minecraft) Starting integrated minecraft server version 1.21.1
[21:30:27] [Server thread/INFO] (Minecraft) Generating keypair
[21:30:28] [Server thread/INFO] (LoggerBase) [HBs Structures Over Time] ( 011000 ): --------COM.HOLYBUCKETS.STRUCTURES.CORE.STRUCTURECONCEPTMANAGER INITIALIZED --------
[21:30:28] [Server thread/INFO] (LoggerBase) [HBs Structures Over Time] ( 011001 ): Loaded globalStage: 0
[21:30:28] [Server thread/INFO] (LoggerBase) [HBs Structures Over Time] ( 011009 ): Loaded concept stages:
vanishingShip: 0
village: 0

[21:30:36] [Server thread/INFO] (LoggerBase) [HBs Structures Over Time] ( 011000 ): --------COM.HOLYBUCKETS.STRUCTURES.CORE.STRUCTURECONCEPTMANAGER INITIALIZED --------
[21:30:36] [Server thread/INFO] (LoggerBase) [HBs Structures Over Time] ( 011001 ): Loaded globalStage: 0
[21:30:36] [Server thread/INFO] (LoggerBase) [HBs Structures Over Time] ( 011009 ): Loaded concept stages:
vanishingShip: 0
village: 0

[21:30:36] [Server thread/INFO] (LoggerBase) [HBs Structures Over Time] ( 011000 ): --------COM.HOLYBUCKETS.STRUCTURES.CORE.STRUCTURECONCEPTMANAGER INITIALIZED --------
[21:30:36] [Server thread/INFO] (LoggerBase) [HBs Structures Over Time] ( 011001 ): Loaded globalStage: 0
[21:30:36] [Server thread/INFO] (LoggerBase) [HBs Structures Over Time] ( 011009 ): Loaded concept stages:
vanishingShip: 0
village: 0

[21:30:36] [Server thread/INFO] (Minecraft) Preparing start region for dimension minecraft:overworld
[21:30:36] [Render thread/INFO] (Minecraft) Preparing spawn area: 2%
[21:30:36] [Render thread/INFO] (Minecraft) Preparing spawn area: 2%
[21:30:37] [Render thread/INFO] (Minecraft) Preparing spawn area: 2%
[21:30:37] [Render thread/INFO] (Minecraft) Preparing spawn area: 18%
[21:30:38] [Render thread/INFO] (Minecraft) Preparing spawn area: 18%
[21:30:38] [Worker-Main-12/INFO] (LoggerBase) [HBs Structures Over Time] ( 011020 ): Registered timed structure chunk: [12, 14]
[21:30:38] [Render thread/INFO] (Minecraft) Preparing spawn area: 51%
[21:30:39] [Render thread/INFO] (Minecraft) Preparing spawn area: 51%
[21:30:39] [Render thread/INFO] (Minecraft) Time elapsed: 3422 ms
[21:30:39] [Server thread/INFO] (Minecraft) Changing view distance to 12, from 10
[21:30:39] [Server thread/INFO] (Minecraft) Changing simulation distance to 12, from 0
[21:30:41] [Server thread/INFO] (Minecraft) Player497[local:E:289c907b] logged in with entity id 42 at (-33.5, 65.0, 34.5)
[21:30:41] [Server thread/INFO] (Minecraft) Player497 joined the game
[21:30:41] [Render thread/INFO] (Minecraft) Loaded 2 advancements
[21:30:42] [Server thread/INFO] (Minecraft) Saving and pausing game...
[21:30:42] [Server thread/INFO] (Minecraft) Saving chunks for level 'ServerLevel[w2]'/minecraft:overworld
[21:30:42] [Server thread/INFO] (Minecraft) Saving chunks for level 'ServerLevel[w2]'/minecraft:the_end
[21:30:42] [Server thread/INFO] (Minecraft) Saving chunks for level 'ServerLevel[w2]'/minecraft:the_nether
[21:30:47] [Server thread/INFO] (Minecraft) Saving and pausing game...
[21:30:47] [Server thread/INFO] (Minecraft) Saving chunks for level 'ServerLevel[w2]'/minecraft:overworld
[21:30:47] [Server thread/INFO] (Minecraft) Saving chunks for level 'ServerLevel[w2]'/minecraft:the_end
[21:30:47] [Server thread/INFO] (Minecraft) Saving chunks for level 'ServerLevel[w2]'/minecraft:the_nether
[21:31:43] [Server thread/INFO] (LoggerBase) [HBs Structures Over Time] ( 011002 ): Saved globalStage: 0
[21:31:45] [Worker-Main-1/INFO] (LoggerBase) [HBs Structures Over Time] ( 011020 ): Registered timed structure chunk: [-316, -255]
[21:31:45] [Server thread/INFO] (Minecraft) Locating element minecraft:swamp_hut took 2500 ms
[21:31:45] [Server thread/WARN] (Minecraft) Can't keep up! Is the server overloaded? Running 2490ms or 49 ticks behind
[21:31:45] [Render thread/INFO] (Minecraft) [System] [CHAT] The nearest minecraft:swamp_hut is at [-5056, ~, -4080] (6457 blocks away)
[21:32:45] [Server thread/INFO] (LoggerBase) [HBs Structures Over Time] ( 011002 ): Saved globalStage: 0
[21:33:45] [Server thread/INFO] (LoggerBase) [HBs Structures Over Time] ( 011002 ): Saved globalStage: 0
[21:34:07] [Server thread/INFO] (Minecraft) [Player497: Teleported Player497 to -5055.500000, 100.000000, -4079.500000]
[21:34:07] [Render thread/INFO] (Minecraft) [System] [CHAT] Teleported Player497 to -5055.500000, 100.000000, -4079.500000
[21:34:08] [Server thread/INFO] (LoggerBase) [HBs Structures Over Time] ( 011032 ): Chunk loaded: -316,-255 village
[21:34:45] [Server thread/INFO] (LoggerBase) [HBs Structures Over Time] ( 011002 ): Saved globalStage: 0
[21:35:45] [Server thread/INFO] (LoggerBase) [HBs Structures Over Time] ( 011002 ): Saved globalStage: 0
[21:36:26] [Server thread/INFO] (LoggerBase) [HBs Structures Over Time] ( 010002 ): Set Global Stage Command
[21:36:26] [Server thread/INFO] (Minecraft) [Player497: Global stage set to 1.]
[21:36:26] [Render thread/INFO] (Minecraft) [System] [CHAT] Global stage set to 1.
[21:36:31] [Render thread/INFO] (Minecraft) [System] [CHAT] Nearby structure will be upgraded soon, use commands to stop upgrade:
[21:36:31] [Render thread/INFO] (Minecraft) [System] [CHAT] Structure Concept Id: village
[21:36:31] [Render thread/INFO] (Minecraft) [System] [CHAT] Position: [-5056, 0, -4080]
[21:36:37] [Server thread/INFO] (LoggerBase) [HBs Structures Over Time] ( 012024 ): Created scratch generation level at C:\Users\jack\AppData\Local\Temp\HBStructuresWorldGen9994043290670760345
[21:36:45] [Server thread/WARN] (Minecraft) Can't keep up! Is the server overloaded? Running 7120ms or 142 ticks behind
[21:36:52] [Server thread/INFO] (LoggerBase) [HBs Structures Over Time] ( 011002 ): Saved globalStage: 1
[21:37:52] [Server thread/INFO] (Minecraft) Locating element minecraft:swamp_hut took 9 ms
[21:37:52] [Render thread/INFO] (Minecraft) [System] [CHAT] The nearest minecraft:swamp_hut is at [-5056, ~, -4080] (245 blocks away)
[21:37:52] [Server thread/INFO] (LoggerBase) [HBs Structures Over Time] ( 011002 ): Saved globalStage: 1
[21:38:02] [Server thread/INFO] (Minecraft) [Player497: Teleported Player497 to 1000.500000, 200.000000, 1000.500000]
[21:38:02] [Render thread/INFO] (Minecraft) [System] [CHAT] Teleported Player497 to 1000.500000, 200.000000, 1000.500000
[21:38:08] [Worker-Main-10/INFO] (LoggerBase) [HBs Structures Over Time] ( 011020 ): Registered timed structure chunk: [-208, 291]
[21:38:08] [Server thread/INFO] (Minecraft) Locating element minecraft:swamp_hut took 627 ms
[21:38:08] [Render thread/INFO] (Minecraft) [System] [CHAT] The nearest minecraft:swamp_hut is at [-3328, ~, 4656] (5665 blocks away)
[21:38:20] [Worker-Main-1/INFO] (LoggerBase) [HBs Structures Over Time] ( 011020 ): Registered timed structure chunk: [-236, 341]
[21:38:20] [Server thread/INFO] (Minecraft) Locating element minecraft:swamp_hut took 2040 ms
[21:38:20] [Server thread/WARN] (Minecraft) Can't keep up! Is the server overloaded? Running 2029ms or 40 ticks behind
[21:38:20] [Server thread/INFO] (Minecraft) Saving and pausing game...
[21:38:20] [Render thread/INFO] (Minecraft) [System] [CHAT] The nearest minecraft:swamp_hut is at [-3776, ~, 5456] (6531 blocks away)
[21:38:20] [Server thread/INFO] (Minecraft) Saving chunks for level 'ServerLevel[w2]'/minecraft:overworld
[21:38:20] [Server thread/INFO] (Minecraft) Saving chunks for level 'ServerLevel[w2]'/minecraft:the_end
[21:38:20] [Server thread/INFO] (Minecraft) Saving chunks for level 'ServerLevel[w2]'/minecraft:the_nether
[21:38:45] [Server thread/INFO] (Minecraft) [Player497: Teleported Player497 to -3775.500000, 200.000000, 5456.500000]
[21:38:45] [Render thread/INFO] (Minecraft) [System] [CHAT] Teleported Player497 to -3775.500000, 200.000000, 5456.500000
[21:38:47] [Server thread/INFO] (LoggerBase) [HBs Structures Over Time] ( 011032 ): Chunk loaded: -236,341 village
[21:38:49] [Worker-Main-2/INFO] (LoggerBase) [HBs Structures Over Time] ( 011020 ): Registered timed structure chunk: [-222, 337]
[21:38:56] [Server thread/INFO] (LoggerBase) [HBs Structures Over Time] ( 011002 ): Saved globalStage: 1
[21:39:01] [Worker-Main-3/INFO] (LoggerBase) [HBs Structures Over Time] ( 011020 ): Registered timed structure chunk: [-239, 319]
[21:39:09] [Server thread/INFO] (LoggerBase) [HBs Structures Over Time] ( 011032 ): Chunk loaded: -222,337 village
[21:39:56] [Server thread/INFO] (LoggerBase) [HBs Structures Over Time] ( 011002 ): Saved globalStage: 1
[21:40:56] [Server thread/INFO] (LoggerBase) [HBs Structures Over Time] ( 011002 ): Saved globalStage: 1
[21:41:56] [Server thread/INFO] (LoggerBase) [HBs Structures Over Time] ( 011002 ): Saved globalStage: 1
[21:42:56] [Server thread/INFO] (LoggerBase) [HBs Structures Over Time] ( 011002 ): Saved globalStage: 1
[21:43:56] [Server thread/INFO] (LoggerBase) [HBs Structures Over Time] ( 011002 ): Saved globalStage: 1
[21:44:56] [Server thread/INFO] (LoggerBase) [HBs Structures Over Time] ( 011002 ): Saved globalStage: 1
[21:45:56] [Server thread/INFO] (LoggerBase) [HBs Structures Over Time] ( 011002 ): Saved globalStage: 1
[21:46:56] [Server thread/INFO] (LoggerBase) [HBs Structures Over Time] ( 011002 ): Saved globalStage: 1
[21:47:56] [Server thread/INFO] (LoggerBase) [HBs Structures Over Time] ( 011002 ): Saved globalStage: 1
[21:48:35] [Server thread/INFO] (Minecraft) Villager Villager['Farmer'/5507, l='ServerLevel[w2]', x=-3733.64, y=64.00, z=5435.36] died, message: 'Farmer was slain by Zombie'
[21:48:56] [Server thread/INFO] (LoggerBase) [HBs Structures Over Time] ( 011002 ): Saved globalStage: 1
[21:49:56] [Server thread/INFO] (LoggerBase) [HBs Structures Over Time] ( 011002 ): Saved globalStage: 1
[21:50:56] [Server thread/INFO] (LoggerBase) [HBs Structures Over Time] ( 011002 ): Saved globalStage: 1
[21:51:37] [Server thread/INFO] (LoggerBase) [HBs Structures Over Time] ( 011002 ): Saved globalStage: 1
[21:51:37] [Server thread/INFO] (LoggerBase) [HBs Structures Over Time] ( 011002 ): Saved globalStage: 1
[21:51:37] [Server thread/INFO] (LoggerBase) [HBs Structures Over Time] ( 011002 ): Saved globalStage: 1
[21:51:37] [Server thread/INFO] (LoggerBase) [HB's Foundation] ( 010200 ): Firing daily tick event for dimension: minecraft:overworld
[21:51:37] [Server thread/ERROR] (LoggerBase) [HB's Foundation] ( 999000 ): Error in com.holybuckets.structures.core.StructureConceptManager$$Lambda/0x000001d25dc36808@39172887::com.holybuckets.foundation.event.custom.ServerTickEvent$DailyTickEvent: Cannot invoke "net.minecraft.world.level.chunk.ChunkAccess.getPos()" because "center" is null

knot//com.holybuckets.foundation.HBUtil$PlayerUtil.getAllPlayersInChunkRange(HBUtil.java:143)
knot//com.holybuckets.structures.core.ManagedStructureConceptChunk.onPlayersWakeUpEvent(ManagedStructureConceptChunk.java:952)
knot//com.holybuckets.structures.core.StructureConceptManager.lambda$onDailyTick$3(StructureConceptManager.java:648)
java.base/java.util.HashMap$Values.forEach(HashMap.java:1073)
knot//com.holybuckets.structures.core.StructureConceptManager.onDailyTick(StructureConceptManager.java:648)
knot//com.holybuckets.foundation.event.EventRegistrar.tryEvent(EventRegistrar.java:883)
knot//com.holybuckets.foundation.event.EventRegistrar.lambda$onServerTick$14(EventRegistrar.java:709)
java.base/java.lang.Iterable.forEach(Iterable.java:75)
knot//com.holybuckets.foundation.event.EventRegistrar.lambda$onServerTick$15(EventRegistrar.java:709)
java.base/java.util.Map.forEach(Map.java:733)
knot//com.holybuckets.foundation.event.EventRegistrar.onServerTick(EventRegistrar.java:700)
knot//net.fabricmc.fabric.api.event.lifecycle.v1.ServerTickEvents.lambda$static$0(ServerTickEvents.java:34)
knot//net.minecraft.server.MinecraftServer.handler$zfo000$fabric-lifecycle-events-v1$onStartTick(MinecraftServer.java:3158)
knot//net.minecraft.server.MinecraftServer.tickServer(MinecraftServer.java:912)
knot//net.minecraft.client.server.IntegratedServer.tickServer(IntegratedServer.java:114)
knot//net.minecraft.server.MinecraftServer.runServer(MinecraftServer.java:697)
knot//net.minecraft.server.MinecraftServer.method_29739(MinecraftServer.java:281)
java.base/java.lang.Thread.run(Thread.java:1583)
[21:51:56] [Server thread/INFO] (LoggerBase) [HBs Structures Over Time] ( 011002 ): Saved globalStage: 1
[21:52:56] [Server thread/INFO] (LoggerBase) [HBs Structures Over Time] ( 011002 ): Saved globalStage: 1
[21:53:56] [Server thread/INFO] (LoggerBase) [HBs Structures Over Time] ( 011002 ): Saved globalStage: 1
[21:54:56] [Server thread/INFO] (LoggerBase) [HBs Structures Over Time] ( 011002 ): Saved globalStage: 1
[21:55:56] [Server thread/INFO] (LoggerBase) [HBs Structures Over Time] ( 011002 ): Saved globalStage: 1
[21:56:56] [Server thread/INFO] (LoggerBase) [HBs Structures Over Time] ( 011002 ): Saved globalStage: 1
[21:57:56] [Server thread/INFO] (LoggerBase) [HBs Structures Over Time] ( 011002 ): Saved globalStage: 1
[21:58:56] [Server thread/INFO] (LoggerBase) [HBs Structures Over Time] ( 011002 ): Saved globalStage: 1
[21:59:56] [Server thread/INFO] (LoggerBase) [HBs Structures Over Time] ( 011002 ): Saved globalStage: 1
[22:00:56] [Server thread/INFO] (LoggerBase) [HBs Structures Over Time] ( 011002 ): Saved globalStage: 1
[22:01:56] [Server thread/INFO] (LoggerBase) [HBs Structures Over Time] ( 011002 ): Saved globalStage: 1
[22:02:56] [Server thread/INFO] (LoggerBase) [HBs Structures Over Time] ( 011002 ): Saved globalStage: 1
[22:03:56] [Server thread/INFO] (LoggerBase) [HBs Structures Over Time] ( 011002 ): Saved globalStage: 1
[22:04:56] [Server thread/INFO] (LoggerBase) [HBs Structures Over Time] ( 011002 ): Saved globalStage: 1
[22:05:56] [Server thread/INFO] (LoggerBase) [HBs Structures Over Time] ( 011002 ): Saved globalStage: 1
[22:06:56] [Server thread/INFO] (LoggerBase) [HBs Structures Over Time] ( 011002 ): Saved globalStage: 1
[22:07:56] [Server thread/INFO] (LoggerBase) [HBs Structures Over Time] ( 011002 ): Saved globalStage: 1
[22:08:31] [Render thread/INFO] (Minecraft) [System] [CHAT] This will upgrade the structure at chunk [-236, 341] from stage 1 to stage 2. All blocks in the area will be overwritten. Run again with 'confirm' to proceed.
[22:08:42] [Server thread/INFO] (Minecraft) [Player497: Structure at [-236, 341] upgrade processing...]
[22:08:42] [Render thread/INFO] (Minecraft) [System] [CHAT] Structure at [-236, 341] upgrade processing...
[22:08:42] [Server thread/INFO] (LoggerBase) [HBs Structures Over Time] ( 012024 ): Created scratch generation level at C:\Users\jack\AppData\Local\Temp\HBStructuresWorldGen5623654190231961073
[22:08:47] [Server thread/WARN] (Minecraft) Can't keep up! Is the server overloaded? Running 5038ms or 100 ticks behind
[22:08:47] [Server thread/INFO] (LoggerBase) [HBs Structures Over Time] ( 010003 ): Structure upgrade rejected for chunk -222,337: Structure Concept Id: village
Position: [-3552, 0, 5392]
Structure upgrade rejected:  chunk is not fully loaded.
[22:08:47] [Server thread/INFO] (LoggerBase) [HBs Structures Over Time] ( 010003 ): Structure upgrade rejected for chunk -316,-255: Structure Concept Id: village
Position: [-5056, 0, -4080]
Structure upgrade rejected:  chunk is not fully loaded.
[22:08:47] [Render thread/INFO] (Minecraft) [System] [CHAT] Structure Concept Id: village
[22:08:47] [Render thread/INFO] (Minecraft) [System] [CHAT] Position: [-3552, 0, 5392]
[22:08:47] [Render thread/INFO] (Minecraft) [System] [CHAT] Structure upgrade rejected:  chunk is not fully loaded.
[22:08:59] [Server thread/INFO] (LoggerBase) [HBs Structures Over Time] ( 010003 ): Structure upgrade rejected for chunk -222,337: Structure Concept Id: village
Position: [-3552, 0, 5392]
Structure upgrade rejected:  chunk is not fully loaded.
[22:09:01] [Server thread/INFO] (LoggerBase) [HBs Structures Over Time] ( 011002 ): Saved globalStage: 1
[22:09:11] [Server thread/INFO] (LoggerBase) [HBs Structures Over Time] ( 010003 ): Structure upgrade rejected for chunk -222,337: Structure Concept Id: village
Position: [-3552, 0, 5392]
Structure upgrade rejected:  chunk is not fully loaded.
[22:09:23] [Server thread/INFO] (LoggerBase) [HBs Structures Over Time] ( 010003 ): Structure upgrade rejected for chunk -222,337: Structure Concept Id: village
Position: [-3552, 0, 5392]
Structure upgrade rejected:  chunk is not fully loaded.
[22:09:35] [Server thread/INFO] (LoggerBase) [HBs Structures Over Time] ( 010003 ): Structure upgrade rejected for chunk -222,337: Structure Concept Id: village
Position: [-3552, 0, 5392]
Structure upgrade rejected:  chunk is not fully loaded.
[22:09:47] [Server thread/INFO] (LoggerBase) [HBs Structures Over Time] ( 010003 ): Structure upgrade rejected for chunk -222,337: Structure Concept Id: village
Position: [-3552, 0, 5392]
Structure upgrade rejected:  chunk is not fully loaded.
[22:09:51] [Server thread/INFO] (Minecraft) Saving and pausing game...
[22:09:51] [Server thread/INFO] (Minecraft) Saving chunks for level 'ServerLevel[w2]'/minecraft:overworld
[22:09:51] [Server thread/INFO] (Minecraft) Saving chunks for level 'ServerLevel[w2]'/minecraft:the_end
[22:09:51] [Server thread/INFO] (Minecraft) Saving chunks for level 'ServerLevel[w2]'/minecraft:the_nether
[22:09:57] [Server thread/INFO] (Minecraft) Villager Villager['Villager'/5532, l='ServerLevel[w2]', x=-3806.24, y=62.51, z=5419.28] died, message: 'Villager was slain by Zombie'
[22:10:00] [Server thread/INFO] (LoggerBase) [HBs Structures Over Time] ( 010003 ): Structure upgrade rejected for chunk -222,337: Structure Concept Id: village
Position: [-3552, 0, 5392]
Structure upgrade rejected:  chunk is not fully loaded.
[22:10:02] [Server thread/INFO] (LoggerBase) [HBs Structures Over Time] ( 011002 ): Saved globalStage: 1
[22:10:12] [Render thread/INFO] (Minecraft) [System] [CHAT] Nearby structure will be upgraded soon, use commands to stop upgrade:
[22:10:12] [Render thread/INFO] (Minecraft) [System] [CHAT] Structure Concept Id: village
[22:10:12] [Render thread/INFO] (Minecraft) [System] [CHAT] Position: [-3552, 0, 5392]
[22:10:19] [Server thread/INFO] (LoggerBase) [HBs Structures Over Time] ( 012024 ): Created scratch generation level at C:\Users\jack\AppData\Local\Temp\HBStructuresWorldGen7215108090008564788
[22:10:26] [Server thread/WARN] (Minecraft) Can't keep up! Is the server overloaded? Running 6853ms or 137 ticks behind
[22:10:46] [Server thread/INFO] (LoggerBase) [HBs Structures Over Time] ( 010002 ): Set Global Stage Command
[22:10:46] [Server thread/INFO] (Minecraft) [Player497: Global stage set to 3.]
[22:10:46] [Render thread/INFO] (Minecraft) [System] [CHAT] Global stage set to 3.
[22:10:49] [Render thread/INFO] (Minecraft) [System] [CHAT] Nearby structure will be upgraded soon, use commands to stop upgrade:
[22:10:49] [Render thread/INFO] (Minecraft) [System] [CHAT] Structure Concept Id: village
[22:10:49] [Render thread/INFO] (Minecraft) [System] [CHAT] Position: [-3552, 0, 5392]
[22:10:49] [Render thread/INFO] (Minecraft) [System] [CHAT] Nearby structure will be upgraded soon, use commands to stop upgrade:
[22:10:49] [Render thread/INFO] (Minecraft) [System] [CHAT] Structure Concept Id: village
[22:10:49] [Render thread/INFO] (Minecraft) [System] [CHAT] Position: [-3776, 0, 5456]
[22:10:55] [Server thread/INFO] (LoggerBase) [HBs Structures Over Time] ( 012024 ): Created scratch generation level at C:\Users\jack\AppData\Local\Temp\HBStructuresWorldGen6109549945380694359
[22:10:58] [Server thread/WARN] (Minecraft) Can't keep up! Is the server overloaded? Running 2266ms or 45 ticks behind
[22:11:12] [Server thread/INFO] (LoggerBase) [HBs Structures Over Time] ( 011002 ): Saved globalStage: 3
[22:11:36] [Server thread/INFO] (Minecraft) Saving and pausing game...
[22:11:36] [Server thread/INFO] (Minecraft) Saving chunks for level 'ServerLevel[w2]'/minecraft:overworld
[22:11:36] [Server thread/INFO] (Minecraft) Saving chunks for level 'ServerLevel[w2]'/minecraft:the_end
[22:11:36] [Server thread/INFO] (Minecraft) Saving chunks for level 'ServerLevel[w2]'/minecraft:the_nether
[22:11:37] [Server thread/INFO] (Minecraft) Player497 lost connection: Disconnected
[22:11:37] [Server thread/INFO] (Minecraft) Player497 left the game
[22:11:37] [Server thread/INFO] (Minecraft) Stopping singleplayer server as player logged out
[22:11:37] [Server thread/INFO] (Minecraft) Stopping server
[22:11:37] [Server thread/INFO] (Minecraft) Saving players
[22:11:37] [Server thread/INFO] (Minecraft) Saving worlds
[22:11:37] [Server thread/INFO] (Minecraft) Saving chunks for level 'ServerLevel[w2]'/minecraft:overworld
[22:11:38] [Server thread/INFO] (Minecraft) Saving chunks for level 'ServerLevel[w2]'/minecraft:the_end
[22:11:38] [Server thread/INFO] (Minecraft) Saving chunks for level 'ServerLevel[w2]'/minecraft:the_nether
[22:11:38] [Server thread/INFO] (Minecraft) ThreadedAnvilChunkStorage (w2): All chunks are saved
[22:11:38] [Server thread/INFO] (Minecraft) ThreadedAnvilChunkStorage (DIM1): All chunks are saved
[22:11:38] [Server thread/INFO] (Minecraft) ThreadedAnvilChunkStorage (DIM-1): All chunks are saved
[22:11:38] [Server thread/INFO] (Minecraft) ThreadedAnvilChunkStorage: All dimensions are saved
[22:11:38] [Server thread/INFO] (LoggerBase) [HBs Structures Over Time] ( 011002 ): Saved globalStage: 3
[22:11:39] [Render thread/INFO] (Minecraft) Stopping!
